*****************************************************************
      SolidWorks Corporation - IGES Processor Status Report
*****************************************************************
=================================================================
一般資訊
=================================================================
傳送系統產品 I.D.  : 0100.1465.SLDPRT
接收系統產品 I.D.: 0100.1465.SLDPRT
檔案名稱                    : D:\SMWork\0100.1465.IGS
傳送系統               : SolidWorks 2006 by SolidWorks Corporation
Preprocessor Version         : SolidWorks 2006 by SolidWorks Corporation
檔案產生日期           : 061128.135459
模型產生日期          : 061128.135459
單位                        : MM
模型空間比例            : 1
作者                       : haechlsa
單位                 : 


=================================================================
圖元處理資訊
=================================================================


=================================================================
Precision analysis of IGES file:
=================================================================
  Most prevalent number of significant digits:              11
  Highest number of significant digits:                     13
  Average number of significant digits:                7.09457
  與原點的最大距離:                            1769.1
  與原點的最小距離:                                 0
  Effective number of significant digits:                   13


=================================================================
圖元摘要
=================================================================
-----------------------------------------------------------------
類型名稱                                         轉換的數量
---- ----                                         ----- ---------
100  Arc                                            724       724
102  Composite curve                               1452      1452
110  Line                                          2820      2820
120  Surface of revolution                          260       260
124  Transformation matrix                          568       568
126  Rational B-spline curve                       4043      4043
128  Rational B-spline surface                      431       431
142  Curve on a parametric surface                  726       726
144  Trimmed parametric surface                     691       691
314  Color definition                                 1         1
_________________________________________________________________


=================================================================
結果摘要
=================================================================
SolidWorks 特徵類型                數量
-----------------------                -----
實體特徵                       11
曲面特徵                     0
曲線/草圖特徵                0
--------------------------------------------
開始時間: 星期五, 八月 10, 2018 23:35:48
完成時間: 星期五, 八月 10, 2018 23:35:57
處理時間: 0 days, 00 hours, 00 mins, 09 secs
